../Core/Src/main.c:78:6:TF_Luna_Start	8	static
../Core/Src/main.c:84:6:UART_Print	16	static
../Core/Src/main.c:90:6:TF_Luna_Process	56	static
../Core/Src/main.c:147:5:main	8	static
../Core/Src/main.c:196:6:SystemClock_Config	96	static
../Core/Src/main.c:246:13:MX_USART1_UART_Init	8	static
../Core/Src/main.c:281:13:MX_USART2_UART_Init	8	static
../Core/Src/main.c:316:13:MX_GPIO_Init	48	static
../Core/Src/main.c:351:6:HAL_UART_RxCpltCallback	16	static
../Core/Src/main.c:366:6:Error_Handler	4	static,ignoring_inline_asm
